2026-09-25 09:14:35 INFO POST /cart 200 user=cy
2026-09-25 09:15:45 INFO POST /login 200 user=ada
2026-09-25 09:15:54 INFO GET /books 200 user=dee
2026-09-25 09:16:28 INFO GET /books 200 user=ada
2026-09-25 09:16:58 INFO GET /books 200 user=ben
2026-09-25 09:17:50 ERROR POST /cart 500 user=ada
2026-09-25 09:18:49 INFO GET /books 200 user=ada
2026-09-25 09:19:18 INFO GET /search 200 user=cy
2026-09-25 09:19:42 INFO GET /search 200 user=ada
2026-09-25 09:20:11 INFO GET /search 200 user=ada
2026-09-25 09:21:03 INFO GET /books/42 200 user=ada
2026-09-25 09:21:24 INFO GET /books/42 200 user=ada
2026-09-25 09:21:27 ERROR POST /cart 500 user=ben
2026-09-25 09:22:15 INFO POST /login 200 user=cy
2026-09-25 09:23:19 INFO GET /books 200 user=ben
2026-09-25 09:23:24 INFO GET /books/42 200 user=dee
2026-09-25 09:24:20 WARN POST /login 404 user=ada
2026-09-25 09:24:28 INFO POST /cart 200 user=cy
2026-09-25 09:24:46 INFO GET /search 200 user=cy
2026-09-25 09:25:33 INFO GET /search 200 user=ben
2026-09-25 09:26:35 INFO POST /cart 200 user=ada
2026-09-25 09:27:15 WARN GET /search 404 user=ada
2026-09-25 09:28:01 ERROR GET /books/42 500 user=ben
2026-09-25 09:28:39 INFO POST /login 200 user=dee
2026-09-25 09:29:22 INFO POST /cart 200 user=ada
2026-09-25 09:30:04 WARN GET /books 404 user=dee
2026-09-25 09:30:58 ERROR POST /cart 500 user=ada
2026-09-25 09:31:33 WARN GET /books/42 404 user=ben
2026-09-25 09:31:40 INFO GET /books/42 200 user=cy
2026-09-25 09:31:59 ERROR POST /cart 500 user=ben
2026-09-25 09:32:57 INFO GET /books 200 user=ada
2026-09-25 09:33:18 INFO GET /search 200 user=ben
2026-09-25 09:34:27 INFO POST /login 200 user=ben
2026-09-25 09:35:31 INFO POST /login 200 user=ada
2026-09-25 09:35:48 INFO GET /search 200 user=ada
2026-09-25 09:36:54 INFO GET /books 200 user=cy
2026-09-25 09:38:02 INFO GET /search 200 user=cy
2026-09-25 09:38:50 INFO POST /cart 200 user=ben
2026-09-25 09:39:39 INFO POST /cart 200 user=ben
2026-09-25 09:40:15 ERROR POST /cart 500 user=cy
2026-09-25 09:41:01 WARN POST /login 404 user=ben
2026-09-25 09:41:36 INFO GET /books 200 user=ada
2026-09-25 09:42:43 ERROR POST /cart 500 user=ben
2026-09-25 09:43:30 ERROR POST /cart 500 user=cy
2026-09-25 09:43:55 INFO POST /cart 200 user=cy
2026-09-25 09:44:40 INFO POST /login 200 user=ben
2026-09-25 09:45:29 INFO POST /login 200 user=dee
2026-09-25 09:46:25 INFO POST /cart 200 user=ada
2026-09-25 09:47:21 INFO POST /login 200 user=ada
2026-09-25 09:47:58 INFO GET /books 200 user=cy
2026-09-25 09:48:57 INFO GET /books 200 user=ben
2026-09-25 09:49:23 INFO GET /books 200 user=ben
2026-09-25 09:49:54 WARN GET /search 404 user=ada
2026-09-25 09:50:20 INFO POST /login 200 user=ben
2026-09-25 09:51:07 INFO POST /login 200 user=ada
2026-09-25 09:51:40 INFO GET /books/42 200 user=cy
2026-09-25 09:52:18 INFO GET /search 200 user=cy
2026-09-25 09:53:08 INFO POST /login 200 user=dee
2026-09-25 09:53:48 INFO GET /books/42 200 user=ben
2026-09-25 09:54:36 INFO GET /books/42 200 user=cy
